<html>
<body>
<pre>
<h1>µVision Build Log</h1>
<h2>Tool Versions:</h2>
IDE-Version: µVision V5.28.0.0
Copyright (C) 2019 ARM Ltd and ARM Germany GmbH. All rights reserved.
License Information: A B, C, LIC=D0DRA-1YX89-R8TFF-6NCZU-KVDY4-S01SI
 
Tool Versions:
Toolchain:       MDK-ARM Plus  Version: 5.28.0.0
Toolchain Path:  C:\Keil_v5\ARM\ARMCC\Bin
C Compiler:      Armcc.exe V5.06 update 6 (build 750)
Assembler:       Armasm.exe V5.06 update 6 (build 750)
Linker/Locator:  ArmLink.exe V5.06 update 6 (build 750)
Library Manager: ArmAr.exe V5.06 update 6 (build 750)
Hex Converter:   FromElf.exe V5.06 update 6 (build 750)
CPU DLL:         SARMCM3.DLL V5.28.0.0
Dialog DLL:      DCM.DLL V1.17.3.0
Target DLL:      STLink\ST-LINKIII-KEIL_SWO.dll V3.0.6.0
Dialog DLL:      TCM.DLL V1.36.2.0
 
<h2>Project:</h2>
D:\ST Micro MC\Project\20191029\Test1\MDK-ARM\Test1.uvprojx
Project File Date:  11/12/2019

<h2>Output:</h2>
*** Using Compiler 'V5.06 update 6 (build 750)', folder: 'C:\Keil_v5\ARM\ARMCC\Bin'
Build target 'Test1'
assembling startup_stm32g431xx.s...
compiling mc_api.c...
compiling motorcontrol.c...
compiling main.c...
compiling motor_control_protocol.c...
compiling mc_config.c...
compiling mc_tasks.c...
compiling regular_conversion_manager.c...
compiling stm32g4xx_mc_it.c...
compiling mc_parameters.c...
compiling stm32g4xx_it.c...
compiling ui_task.c...
compiling user_interface.c...
compiling stm32g4xx_hal_msp.c...
compiling stm32g4xx_hal_gpio.c...
compiling stm32g4xx_hal_adc.c...
compiling stm32g4xx_hal_adc_ex.c...
compiling stm32g4xx_hal.c...
compiling stm32g4xx_hal_rcc.c...
compiling stm32g4xx_hal_rcc_ex.c...
compiling stm32g4xx_hal_flash.c...
compiling stm32g4xx_hal_flash_ex.c...
compiling stm32g4xx_hal_flash_ramfunc.c...
compiling stm32g4xx_hal_exti.c...
compiling stm32g4xx_hal_dma.c...
compiling stm32g4xx_hal_dma_ex.c...
compiling stm32g4xx_hal_pwr.c...
compiling stm32g4xx_hal_cortex.c...
compiling stm32g4xx_hal_pwr_ex.c...
compiling stm32g4xx_hal_comp.c...
compiling stm32g4xx_hal_dac.c...
compiling stm32g4xx_hal_dac_ex.c...
compiling stm32g4xx_hal_opamp.c...
compiling stm32g4xx_hal_opamp_ex.c...
compiling stm32g4xx_hal_tim_ex.c...
compiling stm32g4xx_hal_tim.c...
compiling stm32g4xx_hal_uart.c...
compiling stm32g4xx_hal_uart_ex.c...
compiling system_stm32g4xx.c...
compiling bus_voltage_sensor.c...
compiling circle_limitation.c...
compiling digital_output.c...
compiling mc_math.c...
compiling mc_interface.c...
compiling motor_power_measurement.c...
compiling ntc_temperature_sensor.c...
compiling open_loop.c...
compiling pid_regulator.c...
compiling pqd_motor_power_measurement.c...
compiling pwm_common.c...
compiling pwm_curr_fdbk.c...
compiling speed_pos_fdbk.c...
compiling ramp_ext_mngr.c...
compiling r_divider_bus_voltage_sensor.c...
compiling virtual_speed_sensor.c...
compiling state_machine.c...
compiling speed_torq_ctrl.c...
compiling dac_common_ui.c...
compiling dac_ui.c...
compiling r3_2_g4xx_pwm_curr_fdbk.c...
compiling usart_frame_communication_protocol.c...
compiling ui_irq_handler.c...
compiling frame_communication_protocol.c...
linking...
Program Size: Code=35564 RO-data=1376 RW-data=1892 ZI-data=2164  
FromELF: creating hex file...
"Test1\Test1.axf" - 0 Error(s), 0 Warning(s).

<h2>Software Packages used:</h2>

Package Vendor: ARM
                http://www.keil.com/pack/ARM.CMSIS.5.5.1.pack
                ARM.CMSIS.5.5.1
                CMSIS (Cortex Microcontroller Software Interface Standard)
   * Component: CORE Version: 5.2.0

Package Vendor: Keil
                http://www.keil.com/pack/Keil.STM32G4xx_DFP.1.1.0.pack
                Keil.STM32G4xx_DFP.1.1.0
                STMicroelectronics STM32G4 Series Device Support, Drivers and Examples

<h2>Collection of Component include folders:</h2>
  .\RTE\_Test1
  C:\Keil_v5\Arm\Packs\ARM\CMSIS\5.5.1\CMSIS\Core\Include
  C:\Keil_v5\Arm\Packs\Keil\STM32G4xx_DFP\1.1.0\Drivers\CMSIS\Device\ST\STM32G4xx\Include

<h2>Collection of Component Files used:</h2>

   * Component: ARM::CMSIS:CORE:5.2.0
Build Time Elapsed:  00:04:34
</pre>
</body>
</html>
